鏃ュ織宸蹭繚瀛樺埌 test_result.txt
